=== Configuring qyunt shell environment ===
=== Updating dependency data for Melodic ===
reading in sources list data from /etc/ros/rosdep/sources.list.d
Hit https://mirrors.tuna.tsinghua.edu.cn/rosdistro/rosdep/osx-homebrew.yaml
Hit https://mirrors.tuna.tsinghua.edu.cn/rosdistro/rosdep/base.yaml
Hit https://mirrors.tuna.tsinghua.edu.cn/rosdistro/rosdep/python.yaml
Hit https://mirrors.tuna.tsinghua.edu.cn/rosdistro/rosdep/ruby.yaml
Query rosdistro index https://mirrors.tuna.tsinghua.edu.cn/rosdistro/index-v4.yaml
Skip distro "ardent" different from requested "melodic"
Skip distro "bouncy" different from requested "melodic"
Skip distro "crystal" different from requested "melodic"
Skip distro "dashing" different from requested "melodic"
Skip distro "eloquent" different from requested "melodic"
Skip distro "foxy" different from requested "melodic"
Skip distro "galactic" different from requested "melodic"
Skip distro "groovy" different from requested "melodic"
Skip distro "humble" different from requested "melodic"
Skip distro "hydro" different from requested "melodic"
Skip distro "indigo" different from requested "melodic"
Skip distro "iron" different from requested "melodic"
Skip distro "jade" different from requested "melodic"
Skip distro "jazzy" different from requested "melodic"
Skip distro "kilted" different from requested "melodic"
Skip distro "kinetic" different from requested "melodic"
Skip distro "lunar" different from requested "melodic"
Skip distro "lyrical" different from requested "melodic"
Add distro "melodic"
Skip distro "noetic" different from requested "melodic"
Skip distro "rolling" different from requested "melodic"
updated cache in /home/qyunt/.ros/rosdep/sources.cache
=== Creating and building catkin workspace ===
-- The C compiler identification is GNU 7.5.0
-- The CXX compiler identification is GNU 7.5.0
-- Check for working C compiler: /usr/bin/cc
-- Check for working C compiler: /usr/bin/cc -- works
-- Detecting C compiler ABI info
-- Detecting C compiler ABI info - done
-- Detecting C compile features
-- Detecting C compile features - done
-- Check for working CXX compiler: /usr/bin/c++
-- Check for working CXX compiler: /usr/bin/c++ -- works
-- Detecting CXX compiler ABI info
-- Detecting CXX compiler ABI info - done
-- Detecting CXX compile features
-- Detecting CXX compile features - done
-- Using CATKIN_DEVEL_PREFIX: /home/qyunt/catkin_ws/devel
-- Using CMAKE_PREFIX_PATH: /opt/ros/melodic
-- This workspace overlays: /opt/ros/melodic
-- Found PythonInterp: /usr/bin/python2 (found suitable version "2.7.17", minimum required is "2") 
-- Using PYTHON_EXECUTABLE: /usr/bin/python2
-- Using Debian Python package layout
-- Using empy: /usr/bin/empy
-- Using CATKIN_ENABLE_TESTING: ON
-- Call enable_testing()
-- Using CATKIN_TEST_RESULTS_DIR: /home/qyunt/catkin_ws/build/test_results
-- Found gtest sources under '/usr/src/googletest': gtests will be built
-- Found gmock sources under '/usr/src/googletest': gmock will be built
-- Found PythonInterp: /usr/bin/python2 (found version "2.7.17") 
-- Looking for pthread.h
-- Looking for pthread.h - found
-- Looking for pthread_create
-- Looking for pthread_create - not found
-- Looking for pthread_create in pthreads
-- Looking for pthread_create in pthreads - not found
-- Looking for pthread_create in pthread
-- Looking for pthread_create in pthread - found
-- Found Threads: TRUE  
-- Using Python nosetests: /usr/bin/nosetests-2.7
-- catkin 0.7.29
-- BUILD_SHARED_LIBS is on
-- BUILD_SHARED_LIBS is on
-- Configuring done
-- Generating done
-- Build files have been written to: /home/qyunt/catkin_ws/build
Base path: /home/qyunt/catkin_ws
Source space: /home/qyunt/catkin_ws/src
Build space: /home/qyunt/catkin_ws/build
Devel space: /home/qyunt/catkin_ws/devel
Install space: /home/qyunt/catkin_ws/install
Creating symlink "/home/qyunt/catkin_ws/src/CMakeLists.txt" pointing to "/opt/ros/melodic/share/catkin/cmake/toplevel.cmake"
####
#### Running command: "cmake /home/qyunt/catkin_ws/src -DCATKIN_DEVEL_PREFIX=/home/qyunt/catkin_ws/devel -DCMAKE_INSTALL_PREFIX=/home/qyunt/catkin_ws/install -G Unix Makefiles" in "/home/qyunt/catkin_ws/build"
####
####
#### Running command: "make -j2 -l2" in "/home/qyunt/catkin_ws/build"
####
=== User configuration finished ===
CONFIGURE_EXIT=0
