[INFO] [1791461012.509953, 3469.694000]: [sq4 patrol] 1 过路01 error 0.023 m
[INFO] [1791461046.581057, 3490.629000]: [sq4 patrol] 2 TL_UP_WAIT error 0.024 m
[INFO] [1791461064.732385, 3500.914000]: [sq4 patrol] 3 过路02 error 0.024 m
[INFO] [1791461093.267753, 3517.689000]: [sq4 patrol] 4 PEOPLE_A error 0.024 m
[INFO] [1791461119.475510, 3534.094000]: [sq4 patrol] 5 过路03 error 0.024 m
[INFO] [1791461134.043837, 3543.413000]: [sq4 patrol] 6 过路04 error 0.024 m
[INFO] [1791461149.374615, 3553.459000]: [sq4 patrol] 7 过路05 error 0.024 m
[INFO] [1791461164.372195, 3563.236000]: [sq4 patrol] 8 SIGN_WEST error 0.023 m
[INFO] [1791461355.430477, 3579.566000]: [sq4 patrol] 9 过路06 error 0.024 m
[INFO] [1791461381.684961, 3595.970000]: [sq4 patrol] 10 BUILDING_D error 0.024 m
[INFO] [1791461406.596578, 3612.243000]: [sq4 patrol] 11 过路07 error 0.024 m
[INFO] [1791461427.974411, 3626.257000]: [sq4 patrol] 12 过路08 error 0.024 m
[INFO] [1791461442.692235, 3636.203000]: [sq4 patrol] 13 过路09 error 0.024 m
[INFO] [1791461457.928816, 3645.925000]: [sq4 patrol] 14 PEOPLE_B error 0.025 m
[INFO] [1791461476.088372, 3657.553000]: [sq4 patrol] 15 BUILDING_A error 0.025 m
[INFO] [1791461493.754709, 3669.286000]: [sq4 patrol] 16 过路10 error 0.023 m
[INFO] [1791461515.006241, 3683.429000]: [sq4 patrol] 17 BINS error 0.024 m
[INFO] [1791461565.923274, 3716.949000]: [sq4 patrol] 18 TL_LOW_WAIT error 0.024 m
[INFO] [1791461588.104710, 3731.368000]: [sq4 patrol] 19 BUILDING_C error 0.024 m
[INFO] [1791461616.871871, 3747.743000]: [sq4 patrol] 20 过路11 error 0.024 m
[INFO] [1791461632.276836, 3757.517000]: [sq4 patrol] 21 过路12 error 0.024 m
[INFO] [1791461655.455348, 3771.583000]: [sq4 patrol] 22 STATION_GAUGES error 0.024 m
[INFO] [1791461679.112921, 3787.744000]: [sq4 patrol] 23 过路13 error 0.024 m
[INFO] [1791461694.445459, 3797.974000]: [sq4 patrol] 24 过路14 error 0.025 m
[INFO] [1791461699.724616, 3801.181000]: [sq4 patrol] 25 CAR_1 error 0.024 m
[INFO] [1791461709.247427, 3807.474000]: [sq4 patrol] 26 过路15 error 0.024 m
[INFO] [1791461731.591228, 3821.323000]: [sq4 patrol] 27 CAR_2 error 0.023 m
[INFO] [1791461762.989489, 3841.601000]: [sq4 patrol] 28 CAR_3 error 0.022 m
[INFO] [1791461794.933238, 3862.112000]: [sq4 patrol] 29 BUILDING_B error 0.024 m
[INFO] [1791461826.354966, 3882.599000]: [sq4 patrol] 30 EBIKES error 0.023 m
[INFO] [1791461853.765101, 3898.991000]: [sq4 patrol] 31 过路16 error 0.023 m
[INFO] [1791461872.019880, 3910.721000]: [sq4 patrol] 32 过路17 error 0.024 m
[INFO] [1791461902.291880, 3930.508000]: [sq4 patrol] 33 RETURN error 0.023 m
