====================================================================================
智慧社区赛题场地 · 建图质量核验
  实测地图 : C:\Users\jj_qi\Desktop\墨问科技\sq_ws\src\sq_community\maps\sq_community.pgm
  设计真值 : C:\Users\jj_qi\Desktop\墨问科技\sq_ws\src\sq_community\worlds\sq_community.world
====================================================================================

实测地图：224×384 px  @0.050 m/px   origin=(-6.00, -4.50)  范围 x[-6.00,5.20] y[-4.50,14.70]
          阈值 occ>0.65  free<0.20   PGM maxv=255
实测分布：障碍 2.13%   空闲 29.05%   未知 68.82%

设计真值：204×148 格 @0.050 m   障碍格 9359   出生点可达自由格 20832

---- 核验结果 ----
  ① 覆盖率（设计可达自由格中，实测已探明的比例）
       20832 / 20832 = 100.0%
  ② 误报障碍（设计可走、实测却是障碍 = 鬼影墙）
       0 格 = 0.0%
  ③ 未探明（设计可走、实测还是未知 = 没走过/没看到）
       0 格 = 0.0%
  ④ 设计障碍格总数 9359 —— 其中实测为空的 4154 格（含墙外/场地外，仅作参考）
  ⑤ 落在地图范围外的设计格 = 0 格（正常应为 0；不为 0 说明地图没盖住场地）

  ⑥ 未探明连通块（≥0.25 m² 才算，质心 = 下次该补的航点）
       无 —— 设计可达空间已全部探明 ✔

叠加图 → C:\Users\jj_qi\Desktop\墨问科技\ROS基础实验\shots\sq_map_overlay.png
