[INFO] [1791464581.783024, 293.733000]: [sq4 patrol] 1 TL_UP_WAIT error 0.024 m
[INFO] [1791464609.808371, 303.974000]: [sq4 patrol] 2 EBIKES_A error 0.024 m
[INFO] [1791464644.106524, 316.680000]: [sq4 patrol] 3 PEOPLE_A_TOP_R error 0.024 m
[INFO] [1791464678.490284, 329.444000]: [sq4 patrol] 4 PEOPLE_A_TOP_L error 0.023 m
[INFO] [1791464713.120764, 342.186000]: [sq4 patrol] 5 过路01 error 0.024 m
[INFO] [1791464734.969847, 349.689000]: [sq4 patrol] 6 PEOPLE_A_WEST_N error 0.023 m
[INFO] [1791464764.948696, 361.088000]: [sq4 patrol] 7 PEOPLE_A_WEST_S error 0.024 m
[INFO] [1791464793.758864, 373.157000]: [sq4 patrol] 8 SIGN_WEST error 0.023 m
[INFO] [1791464817.854971, 382.458000]: [sq4 patrol] 9 PEOPLE_B_WEST_N error 0.025 m
[INFO] [1791464847.971886, 393.874000]: [sq4 patrol] 10 PEOPLE_B_WEST_S error 0.024 m
[INFO] [1791464886.674925, 407.913000]: [sq4 patrol] 11 BUILDING_D error 0.024 m
[INFO] [1791464921.448138, 421.977000]: [sq4 patrol] 12 过路02 error 0.024 m
[INFO] [1791464954.308009, 434.878000]: [sq4 patrol] 13 STATION_GAUGES error 0.024 m
[INFO] [1791464996.384467, 451.742000]: [sq4 patrol] 14 CAR_1 error 0.024 m
[INFO] [1791465036.614802, 464.374000]: [sq4 patrol] 15 CAR_2 error 0.024 m
[INFO] [1791465053.521160, 471.687000]: [sq4 patrol] 16 BINS_LOW error 0.024 m
[INFO] [1791465081.695338, 483.114000]: [sq4 patrol] 17 BINS_HIGH error 0.024 m
[INFO] [1791465106.967576, 493.400000]: [sq4 patrol] 18 CAR_3 error 0.024 m
[INFO] [1791465141.316509, 506.354000]: [sq4 patrol] 19 BUILDING_B error 0.024 m
[INFO] [1791465174.153482, 517.922000]: [sq4 patrol] 20 EBIKES_LOW error 0.024 m
[INFO] [1791465206.288274, 530.674000]: [sq4 patrol] 21 EBIKES_HIGH error 0.024 m
[INFO] [1791465243.364531, 544.975000]: [sq4 patrol] 22 过路03 error 0.024 m
[INFO] [1791465320.369720, 576.308000]: [sq4 patrol] 23 TL_UP_WAIT_2 error 0.024 m
[INFO] [1791465335.398586, 582.556000]: [sq4 patrol] 24 过路04 error 0.024 m
[INFO] [1791465380.153653, 599.644000]: [sq4 patrol] 25 过路05 error 0.024 m
[INFO] [1791465411.662602, 612.504000]: [sq4 patrol] 26 过路06 error 0.024 m
[INFO] [1791465435.152902, 621.401000]: [sq4 patrol] 27 PEOPLE_A_SOUTH_L error 0.024 m
[INFO] [1791465453.258449, 628.672000]: [sq4 patrol] 28 PEOPLE_B_NORTH_L error 0.024 m
[INFO] [1791465489.222060, 641.622000]: [sq4 patrol] 29 PEOPLE_A_SOUTH_R error 0.024 m
[INFO] [1791465506.079786, 648.917000]: [sq4 patrol] 30 PEOPLE_B_NORTH_R error 0.024 m
[INFO] [1791465520.492486, 655.138000]: [sq4 patrol] 31 BUILDING_A error 0.024 m
[INFO] [1791465543.628035, 664.633000]: [sq4 patrol] 32 PEOPLE_B_EAST_HIGH error 0.024 m
[INFO] [1791465568.322701, 674.616000]: [sq4 patrol] 33 PEOPLE_B_EAST error 0.024 m
[INFO] [1791465591.756432, 683.400000]: [sq4 patrol] 34 BUILDING_C error 0.024 m
[INFO] [1791465606.528913, 689.514000]: [sq4 patrol] 35 TL_LOW_WAIT error 0.024 m
[INFO] [1791465624.522250, 697.153000]: [sq4 patrol] 36 过路07 error 0.024 m
[INFO] [1791465645.779720, 705.992000]: [sq4 patrol] 37 过路08 error 0.023 m
[INFO] [1791465677.178288, 718.902000]: [sq4 patrol] 38 过路09 error 0.025 m
[INFO] [1791465747.918996, 747.596000]: [sq4 patrol] 39 过路10 error 0.024 m
[INFO] [1791465776.531711, 759.492000]: [sq4 patrol] 40 RETURN error 0.025 m
