xacro: in-order processing became default in ROS Melodic. You can drop the option.
/opt/ros/melodic/lib/python2.7/dist-packages/roslib/packages.py:470: UnicodeWarning: Unicode equal comparison failed to convert both arguments to Unicode - interpreting them as being unequal
  if resource_name in files:
[1;31m[Err] [0m[1;31m[[0m[1;31mREST.cc[0m[1;31m:[0m[1;31m205[0m[1;31m] [0m[1;31mError in REST request[0m[1;31m[0m

libcurl: (51) SSL: no alternative certificate subject name matches target host name 'api.ignitionfuel.org'
[0m[ INFO] [1791560393.858613025]: Finished loading Gazebo ROS API Plugin.[0m
[0m[ INFO] [1791560393.863684060]: waitForService: Service [/gazebo/set_physics_properties] has not been advertised, waiting...[0m
[0m[ INFO] [1791560394.751797533]: waitForService: Service [/gazebo/set_physics_properties] is now available.[0m
[0m[ INFO] [1791560394.787279545, 0.005000000]: Physics dynamic reconfigure ready.[0m
[0m[ INFO] [1791560395.453163084, 0.162000000]: Camera Plugin: Using the 'robotNamespace' param: '/'[0m
[0m[ INFO] [1791560395.454825857, 0.162000000]: Camera Plugin (ns = /)  <tf_prefix_>, set to ""[0m
[0m[ INFO] [1791560395.460617117, 0.162000000]: Laser Plugin: Using the 'robotNamespace' param: '/'[0m
[0m[ INFO] [1791560395.460727952, 0.162000000]: Starting Laser Plugin (ns = /)[0m
[0m[ INFO] [1791560395.462147617, 0.162000000]: Laser Plugin (ns = /)  <tf_prefix_>, set to ""[0m
[0m[ INFO] [1791560395.485103536, 0.162000000]: Updating LinkState: reference_frame is empty/world/map, using inertial frame[0m
[0m[ INFO] [1791560395.488285539, 0.162000000]: Updating LinkState: reference_frame is empty/world/map, using inertial frame[0m
[0m[ INFO] [1791560395.491755143, 0.162000000]: Updating LinkState: reference_frame is empty/world/map, using inertial frame[0m
[0m[ INFO] [1791560395.495744447, 0.162000000]: Updating LinkState: reference_frame is empty/world/map, using inertial frame[0m
[0m[ INFO] [1791560395.497225709, 0.162000000]: Updating LinkState: reference_frame is empty/world/map, using inertial frame[0m
[0m[ INFO] [1791560395.499691067, 0.162000000]: Updating LinkState: reference_frame is empty/world/map, using inertial frame[0m
[0m[ INFO] [1791560395.535844297, 0.162000000]: Camera Plugin: Using the 'robotNamespace' param: '/'[0m
[0m[ INFO] [1791560395.541060000, 0.162000000]: Camera Plugin (ns = /)  <tf_prefix_>, set to ""[0m
[0m[ INFO] [1791560421.644681128, 10.215000000]: Updating LinkState: reference_frame is empty/world/map, using inertial frame[0m
[0m[ INFO] [1791560421.646532614, 10.215000000]: Updating LinkState: reference_frame is empty/world/map, using inertial frame[0m
[0m[ INFO] [1791560421.648144956, 10.215000000]: Updating LinkState: reference_frame is empty/world/map, using inertial frame[0m
[0m[ INFO] [1791560421.649127693, 10.215000000]: Updating LinkState: reference_frame is empty/world/map, using inertial frame[0m
[0m[ INFO] [1791560421.650145423, 10.215000000]: Updating LinkState: reference_frame is empty/world/map, using inertial frame[0m
[0m[ INFO] [1791560421.651140154, 10.215000000]: Updating LinkState: reference_frame is empty/world/map, using inertial frame[0m
[0m[ INFO] [1791560456.292580473, 25.316000000]: Updating LinkState: reference_frame is empty/world/map, using inertial frame[0m
[0m[ INFO] [1791560456.294539054, 25.317000000]: Updating LinkState: reference_frame is empty/world/map, using inertial frame[0m
[0m[ INFO] [1791560456.296116796, 25.318000000]: Updating LinkState: reference_frame is empty/world/map, using inertial frame[0m
[0m[ INFO] [1791560456.297817911, 25.318000000]: Updating LinkState: reference_frame is empty/world/map, using inertial frame[0m
[0m[ INFO] [1791560456.298860362, 25.318000000]: Updating LinkState: reference_frame is empty/world/map, using inertial frame[0m
[0m[ INFO] [1791560456.299672545, 25.318000000]: Updating LinkState: reference_frame is empty/world/map, using inertial frame[0m
[0m[ INFO] [1791560461.051287577, 28.416000000]: Updating LinkState: reference_frame is empty/world/map, using inertial frame[0m
[0m[ INFO] [1791560461.053979872, 28.417000000]: Updating LinkState: reference_frame is empty/world/map, using inertial frame[0m
[0m[ INFO] [1791560461.056196641, 28.417000000]: Updating LinkState: reference_frame is empty/world/map, using inertial frame[0m
[0m[ INFO] [1791560461.058676002, 28.418000000]: Updating LinkState: reference_frame is empty/world/map, using inertial frame[0m
[0m[ INFO] [1791560461.059823182, 28.418000000]: Updating LinkState: reference_frame is empty/world/map, using inertial frame[0m
[0m[ INFO] [1791560461.060838994, 28.419000000]: Updating LinkState: reference_frame is empty/world/map, using inertial frame[0m
[0m[ INFO] [1791560473.099284386, 38.516000000]: Updating LinkState: reference_frame is empty/world/map, using inertial frame[0m
[0m[ INFO] [1791560473.104997503, 38.518000000]: Updating LinkState: reference_frame is empty/world/map, using inertial frame[0m
[0m[ INFO] [1791560473.107395572, 38.520000000]: Updating LinkState: reference_frame is empty/world/map, using inertial frame[0m
[0m[ INFO] [1791560473.108841285, 38.521000000]: Updating LinkState: reference_frame is empty/world/map, using inertial frame[0m
[0m[ INFO] [1791560473.110425093, 38.522000000]: Updating LinkState: reference_frame is empty/world/map, using inertial frame[0m
[0m[ INFO] [1791560473.111791133, 38.522000000]: Updating LinkState: reference_frame is empty/world/map, using inertial frame[0m
[0m[ INFO] [1791560491.330417745, 53.617000000]: Updating LinkState: reference_frame is empty/world/map, using inertial frame[0m
[0m[ INFO] [1791560491.332267423, 53.619000000]: Updating LinkState: reference_frame is empty/world/map, using inertial frame[0m
[0m[ INFO] [1791560491.333903547, 53.620000000]: Updating LinkState: reference_frame is empty/world/map, using inertial frame[0m
[0m[ INFO] [1791560491.335042258, 53.621000000]: Updating LinkState: reference_frame is empty/world/map, using inertial frame[0m
[0m[ INFO] [1791560491.336757333, 53.622000000]: Updating LinkState: reference_frame is empty/world/map, using inertial frame[0m
[0m[ INFO] [1791560491.338352547, 53.624000000]: Updating LinkState: reference_frame is empty/world/map, using inertial frame[0m
[0m[ INFO] [1791560495.039562685, 56.716000000]: Updating LinkState: reference_frame is empty/world/map, using inertial frame[0m
[0m[ INFO] [1791560495.043108429, 56.717000000]: Updating LinkState: reference_frame is empty/world/map, using inertial frame[0m
[0m[ INFO] [1791560495.045138710, 56.718000000]: Updating LinkState: reference_frame is empty/world/map, using inertial frame[0m
[0m[ INFO] [1791560495.048827141, 56.718000000]: Updating LinkState: reference_frame is empty/world/map, using inertial frame[0m
[0m[ INFO] [1791560495.051360707, 56.721000000]: Updating LinkState: reference_frame is empty/world/map, using inertial frame[0m
[0m[ INFO] [1791560495.052851306, 56.721000000]: Updating LinkState: reference_frame is empty/world/map, using inertial frame[0m
[0m[ INFO] [1791560507.571078788, 66.817000000]: Updating LinkState: reference_frame is empty/world/map, using inertial frame[0m
[0m[ INFO] [1791560507.574389261, 66.818000000]: Updating LinkState: reference_frame is empty/world/map, using inertial frame[0m
[0m[ INFO] [1791560507.576490179, 66.819000000]: Updating LinkState: reference_frame is empty/world/map, using inertial frame[0m
[0m[ INFO] [1791560507.578831084, 66.821000000]: Updating LinkState: reference_frame is empty/world/map, using inertial frame[0m
[0m[ INFO] [1791560507.580750793, 66.822000000]: Updating LinkState: reference_frame is empty/world/map, using inertial frame[0m
[0m[ INFO] [1791560507.582527383, 66.823000000]: Updating LinkState: reference_frame is empty/world/map, using inertial frame[0m
[0m[ INFO] [1791560525.874724933, 81.916000000]: Updating LinkState: reference_frame is empty/world/map, using inertial frame[0m
[0m[ INFO] [1791560525.877123859, 81.917000000]: Updating LinkState: reference_frame is empty/world/map, using inertial frame[0m
[0m[ INFO] [1791560525.879725567, 81.918000000]: Updating LinkState: reference_frame is empty/world/map, using inertial frame[0m
[0m[ INFO] [1791560525.882171846, 81.919000000]: Updating LinkState: reference_frame is empty/world/map, using inertial frame[0m
[0m[ INFO] [1791560525.889035679, 81.920000000]: Updating LinkState: reference_frame is empty/world/map, using inertial frame[0m
[0m[ INFO] [1791560525.894415936, 81.924000000]: Updating LinkState: reference_frame is empty/world/map, using inertial frame[0m
[0m[ INFO] [1791560529.708222576, 85.015000000]: Updating LinkState: reference_frame is empty/world/map, using inertial frame[0m
[0m[ INFO] [1791560529.709662488, 85.015000000]: Updating LinkState: reference_frame is empty/world/map, using inertial frame[0m
[0m[ INFO] [1791560529.711793254, 85.016000000]: Updating LinkState: reference_frame is empty/world/map, using inertial frame[0m
[0m[ INFO] [1791560529.713304041, 85.016000000]: Updating LinkState: reference_frame is empty/world/map, using inertial frame[0m
[0m[ INFO] [1791560529.715783791, 85.018000000]: Updating LinkState: reference_frame is empty/world/map, using inertial frame[0m
[0m[ INFO] [1791560529.718245707, 85.018000000]: Updating LinkState: reference_frame is empty/world/map, using inertial frame[0m
[0m[ INFO] [1791560541.973676415, 95.117000000]: Updating LinkState: reference_frame is empty/world/map, using inertial frame[0m
[0m[ INFO] [1791560541.975869536, 95.118000000]: Updating LinkState: reference_frame is empty/world/map, using inertial frame[0m
[0m[ INFO] [1791560541.978096475, 95.119000000]: Updating LinkState: reference_frame is empty/world/map, using inertial frame[0m
[0m[ INFO] [1791560541.980576184, 95.120000000]: Updating LinkState: reference_frame is empty/world/map, using inertial frame[0m
[0m[ INFO] [1791560541.982853655, 95.121000000]: Updating LinkState: reference_frame is empty/world/map, using inertial frame[0m
[0m[ INFO] [1791560541.985114486, 95.122000000]: Updating LinkState: reference_frame is empty/world/map, using inertial frame[0m
[0m[ INFO] [1791560567.052155059, 110.216000000]: Updating LinkState: reference_frame is empty/world/map, using inertial frame[0m
[0m[ INFO] [1791560567.056528394, 110.217000000]: Updating LinkState: reference_frame is empty/world/map, using inertial frame[0m
[0m[ INFO] [1791560567.059208911, 110.217000000]: Updating LinkState: reference_frame is empty/world/map, using inertial frame[0m
[0m[ INFO] [1791560567.067974246, 110.219000000]: Updating LinkState: reference_frame is empty/world/map, using inertial frame[0m
[0m[ INFO] [1791560567.071229444, 110.220000000]: Updating LinkState: reference_frame is empty/world/map, using inertial frame[0m
[0m[ INFO] [1791560567.080177259, 110.221000000]: Updating LinkState: reference_frame is empty/world/map, using inertial frame[0m
[0m[ INFO] [1791560574.992882583, 113.316000000]: Updating LinkState: reference_frame is empty/world/map, using inertial frame[0m
[0m[ INFO] [1791560574.997344861, 113.319000000]: Updating LinkState: reference_frame is empty/world/map, using inertial frame[0m
[0m[ INFO] [1791560575.001421095, 113.321000000]: Updating LinkState: reference_frame is empty/world/map, using inertial frame[0m
[0m[ INFO] [1791560575.014529849, 113.324000000]: Updating LinkState: reference_frame is empty/world/map, using inertial frame[0m
[0m[ INFO] [1791560575.023521812, 113.327000000]: Updating LinkState: reference_frame is empty/world/map, using inertial frame[0m
[0m[ INFO] [1791560575.028703339, 113.330000000]: Updating LinkState: reference_frame is empty/world/map, using inertial frame[0m
[0m[ INFO] [1791560601.053334818, 123.416000000]: Updating LinkState: reference_frame is empty/world/map, using inertial frame[0m
[0m[ INFO] [1791560601.056801830, 123.416000000]: Updating LinkState: reference_frame is empty/world/map, using inertial frame[0m
[0m[ INFO] [1791560601.062847087, 123.417000000]: Updating LinkState: reference_frame is empty/world/map, using inertial frame[0m
[0m[ INFO] [1791560601.064622436, 123.418000000]: Updating LinkState: reference_frame is empty/world/map, using inertial frame[0m
[0m[ INFO] [1791560601.068418531, 123.419000000]: Updating LinkState: reference_frame is empty/world/map, using inertial frame[0m
[0m[ INFO] [1791560601.069936810, 123.419000000]: Updating LinkState: reference_frame is empty/world/map, using inertial frame[0m
[0m[ INFO] [1791560639.530595233, 138.515000000]: Updating LinkState: reference_frame is empty/world/map, using inertial frame[0m
[0m[ INFO] [1791560639.531795662, 138.515000000]: Updating LinkState: reference_frame is empty/world/map, using inertial frame[0m
[0m[ INFO] [1791560639.532880672, 138.515000000]: Updating LinkState: reference_frame is empty/world/map, using inertial frame[0m
[0m[ INFO] [1791560639.533774235, 138.515000000]: Updating LinkState: reference_frame is empty/world/map, using inertial frame[0m
[0m[ INFO] [1791560639.535205585, 138.516000000]: Updating LinkState: reference_frame is empty/world/map, using inertial frame[0m
[0m[ INFO] [1791560639.537360045, 138.516000000]: Updating LinkState: reference_frame is empty/world/map, using inertial frame[0m
[0m[ INFO] [1791560647.404283699, 141.616000000]: Updating LinkState: reference_frame is empty/world/map, using inertial frame[0m
[0m[ INFO] [1791560647.406675168, 141.616000000]: Updating LinkState: reference_frame is empty/world/map, using inertial frame[0m
[0m[ INFO] [1791560647.407865215, 141.616000000]: Updating LinkState: reference_frame is empty/world/map, using inertial frame[0m
[0m[ INFO] [1791560647.409559729, 141.616000000]: Updating LinkState: reference_frame is empty/world/map, using inertial frame[0m
[0m[ INFO] [1791560647.410926489, 141.616000000]: Updating LinkState: reference_frame is empty/world/map, using inertial frame[0m
[0m[ INFO] [1791560647.412161067, 141.616000000]: Updating LinkState: reference_frame is empty/world/map, using inertial frame[0m
[0m[ INFO] [1791560674.312052515, 151.717000000]: Updating LinkState: reference_frame is empty/world/map, using inertial frame[0m
[0m[ INFO] [1791560674.321285658, 151.717000000]: Updating LinkState: reference_frame is empty/world/map, using inertial frame[0m
[0m[ INFO] [1791560674.322765226, 151.717000000]: Updating LinkState: reference_frame is empty/world/map, using inertial frame[0m
[0m[ INFO] [1791560674.323844341, 151.717000000]: Updating LinkState: reference_frame is empty/world/map, using inertial frame[0m
[0m[ INFO] [1791560674.324786995, 151.717000000]: Updating LinkState: reference_frame is empty/world/map, using inertial frame[0m
[0m[ INFO] [1791560674.325702416, 151.717000000]: Updating LinkState: reference_frame is empty/world/map, using inertial frame[0m
[0m[ INFO] [1791560703.112835403, 166.817000000]: Updating LinkState: reference_frame is empty/world/map, using inertial frame[0m
[0m[ INFO] [1791560703.114430878, 166.817000000]: Updating LinkState: reference_frame is empty/world/map, using inertial frame[0m
[0m[ INFO] [1791560703.116414958, 166.818000000]: Updating LinkState: reference_frame is empty/world/map, using inertial frame[0m
[0m[ INFO] [1791560703.118307695, 166.820000000]: Updating LinkState: reference_frame is empty/world/map, using inertial frame[0m
[0m[ INFO] [1791560703.123353314, 166.821000000]: Updating LinkState: reference_frame is empty/world/map, using inertial frame[0m
[0m[ INFO] [1791560703.126034387, 166.822000000]: Updating LinkState: reference_frame is empty/world/map, using inertial frame[0m
[0m[ INFO] [1791560706.774204616, 169.916000000]: Updating LinkState: reference_frame is empty/world/map, using inertial frame[0m
[0m[ INFO] [1791560706.775895282, 169.917000000]: Updating LinkState: reference_frame is empty/world/map, using inertial frame[0m
[0m[ INFO] [1791560706.777595702, 169.918000000]: Updating LinkState: reference_frame is empty/world/map, using inertial frame[0m
[0m[ INFO] [1791560706.779544742, 169.919000000]: Updating LinkState: reference_frame is empty/world/map, using inertial frame[0m
[0m[ INFO] [1791560706.781134298, 169.920000000]: Updating LinkState: reference_frame is empty/world/map, using inertial frame[0m
[0m[ INFO] [1791560706.783417174, 169.921000000]: Updating LinkState: reference_frame is empty/world/map, using inertial frame[0m
[0m[ INFO] [1791560718.922643571, 180.018000000]: Updating LinkState: reference_frame is empty/world/map, using inertial frame[0m
[0m[ INFO] [1791560718.925277101, 180.020000000]: Updating LinkState: reference_frame is empty/world/map, using inertial frame[0m
[0m[ INFO] [1791560718.927697214, 180.022000000]: Updating LinkState: reference_frame is empty/world/map, using inertial frame[0m
[0m[ INFO] [1791560718.933087603, 180.023000000]: Updating LinkState: reference_frame is empty/world/map, using inertial frame[0m
[0m[ INFO] [1791560718.934620935, 180.024000000]: Updating LinkState: reference_frame is empty/world/map, using inertial frame[0m
[0m[ INFO] [1791560718.935699635, 180.025000000]: Updating LinkState: reference_frame is empty/world/map, using inertial frame[0m
[0m[ INFO] [1791560736.832181274, 195.117000000]: Updating LinkState: reference_frame is empty/world/map, using inertial frame[0m
[0m[ INFO] [1791560736.834338345, 195.118000000]: Updating LinkState: reference_frame is empty/world/map, using inertial frame[0m
[0m[ INFO] [1791560736.836399811, 195.119000000]: Updating LinkState: reference_frame is empty/world/map, using inertial frame[0m
[0m[ INFO] [1791560736.841664492, 195.119000000]: Updating LinkState: reference_frame is empty/world/map, using inertial frame[0m
[0m[ INFO] [1791560736.842995910, 195.119000000]: Updating LinkState: reference_frame is empty/world/map, using inertial frame[0m
[0m[ INFO] [1791560736.844193157, 195.120000000]: Updating LinkState: reference_frame is empty/world/map, using inertial frame[0m
[0m[ INFO] [1791560740.536602260, 198.217000000]: Updating LinkState: reference_frame is empty/world/map, using inertial frame[0m
[0m[ INFO] [1791560740.539712270, 198.220000000]: Updating LinkState: reference_frame is empty/world/map, using inertial frame[0m
[0m[ INFO] [1791560740.541464773, 198.221000000]: Updating LinkState: reference_frame is empty/world/map, using inertial frame[0m
[0m[ INFO] [1791560740.542813293, 198.221000000]: Updating LinkState: reference_frame is empty/world/map, using inertial frame[0m
[0m[ INFO] [1791560740.545136457, 198.224000000]: Updating LinkState: reference_frame is empty/world/map, using inertial frame[0m
[0m[ INFO] [1791560740.547565754, 198.226000000]: Updating LinkState: reference_frame is empty/world/map, using inertial frame[0m
[0m[ INFO] [1791560752.446722604, 208.315000000]: Updating LinkState: reference_frame is empty/world/map, using inertial frame[0m
[0m[ INFO] [1791560752.448075067, 208.315000000]: Updating LinkState: reference_frame is empty/world/map, using inertial frame[0m
[0m[ INFO] [1791560752.449367922, 208.315000000]: Updating LinkState: reference_frame is empty/world/map, using inertial frame[0m
[0m[ INFO] [1791560752.450479920, 208.316000000]: Updating LinkState: reference_frame is empty/world/map, using inertial frame[0m
[0m[ INFO] [1791560752.452537661, 208.316000000]: Updating LinkState: reference_frame is empty/world/map, using inertial frame[0m
[0m[ INFO] [1791560752.454942625, 208.317000000]: Updating LinkState: reference_frame is empty/world/map, using inertial frame[0m
[0m[ INFO] [1791560770.302892767, 223.418000000]: Updating LinkState: reference_frame is empty/world/map, using inertial frame[0m
[0m[ INFO] [1791560770.304798508, 223.420000000]: Updating LinkState: reference_frame is empty/world/map, using inertial frame[0m
[0m[ INFO] [1791560770.306105909, 223.421000000]: Updating LinkState: reference_frame is empty/world/map, using inertial frame[0m
[0m[ INFO] [1791560770.307942782, 223.422000000]: Updating LinkState: reference_frame is empty/world/map, using inertial frame[0m
[0m[ INFO] [1791560770.309339873, 223.423000000]: Updating LinkState: reference_frame is empty/world/map, using inertial frame[0m
[0m[ INFO] [1791560770.314040426, 223.428000000]: Updating LinkState: reference_frame is empty/world/map, using inertial frame[0m
[0m[ INFO] [1791560774.024925616, 226.515000000]: Updating LinkState: reference_frame is empty/world/map, using inertial frame[0m
[0m[ INFO] [1791560774.026067876, 226.515000000]: Updating LinkState: reference_frame is empty/world/map, using inertial frame[0m
[0m[ INFO] [1791560774.027149693, 226.515000000]: Updating LinkState: reference_frame is empty/world/map, using inertial frame[0m
[0m[ INFO] [1791560774.028410565, 226.515000000]: Updating LinkState: reference_frame is empty/world/map, using inertial frame[0m
[0m[ INFO] [1791560774.029474614, 226.515000000]: Updating LinkState: reference_frame is empty/world/map, using inertial frame[0m
[0m[ INFO] [1791560774.030414969, 226.515000000]: Updating LinkState: reference_frame is empty/world/map, using inertial frame[0m
[0m[ INFO] [1791560785.741244952, 236.516000000]: Updating LinkState: reference_frame is empty/world/map, using inertial frame[0m
[0m[ INFO] [1791560785.742842030, 236.517000000]: Updating LinkState: reference_frame is empty/world/map, using inertial frame[0m
[0m[ INFO] [1791560785.744126737, 236.518000000]: Updating LinkState: reference_frame is empty/world/map, using inertial frame[0m
[0m[ INFO] [1791560785.745702861, 236.518000000]: Updating LinkState: reference_frame is empty/world/map, using inertial frame[0m
[0m[ INFO] [1791560785.746714622, 236.519000000]: Updating LinkState: reference_frame is empty/world/map, using inertial frame[0m
[0m[ INFO] [1791560785.751238894, 236.520000000]: Updating LinkState: reference_frame is empty/world/map, using inertial frame[0m
[0m[ INFO] [1791560803.606637341, 251.619000000]: Updating LinkState: reference_frame is empty/world/map, using inertial frame[0m
[0m[ INFO] [1791560803.612647398, 251.620000000]: Updating LinkState: reference_frame is empty/world/map, using inertial frame[0m
[0m[ INFO] [1791560803.614215304, 251.621000000]: Updating LinkState: reference_frame is empty/world/map, using inertial frame[0m
[0m[ INFO] [1791560803.615453169, 251.622000000]: Updating LinkState: reference_frame is empty/world/map, using inertial frame[0m
[0m[ INFO] [1791560803.617512959, 251.623000000]: Updating LinkState: reference_frame is empty/world/map, using inertial frame[0m
[0m[ INFO] [1791560803.619121465, 251.625000000]: Updating LinkState: reference_frame is empty/world/map, using inertial frame[0m
[0m[ INFO] [1791560807.140679760, 254.715000000]: Updating LinkState: reference_frame is empty/world/map, using inertial frame[0m
[0m[ INFO] [1791560807.142600331, 254.715000000]: Updating LinkState: reference_frame is empty/world/map, using inertial frame[0m
[0m[ INFO] [1791560807.143883816, 254.716000000]: Updating LinkState: reference_frame is empty/world/map, using inertial frame[0m
[0m[ INFO] [1791560807.146334303, 254.716000000]: Updating LinkState: reference_frame is empty/world/map, using inertial frame[0m
[0m[ INFO] [1791560807.147824358, 254.716000000]: Updating LinkState: reference_frame is empty/world/map, using inertial frame[0m
[0m[ INFO] [1791560807.149927786, 254.717000000]: Updating LinkState: reference_frame is empty/world/map, using inertial frame[0m
[0m[ INFO] [1791560819.458103005, 264.817000000]: Updating LinkState: reference_frame is empty/world/map, using inertial frame[0m
[0m[ INFO] [1791560819.461929810, 264.818000000]: Updating LinkState: reference_frame is empty/world/map, using inertial frame[0m
[0m[ INFO] [1791560819.464548718, 264.819000000]: Updating LinkState: reference_frame is empty/world/map, using inertial frame[0m
[0m[ INFO] [1791560819.466696243, 264.820000000]: Updating LinkState: reference_frame is empty/world/map, using inertial frame[0m
[0m[ INFO] [1791560819.468636090, 264.820000000]: Updating LinkState: reference_frame is empty/world/map, using inertial frame[0m
[0m[ INFO] [1791560819.471493944, 264.820000000]: Updating LinkState: reference_frame is empty/world/map, using inertial frame[0m
[0m[ INFO] [1791560837.606169369, 279.917000000]: Updating LinkState: reference_frame is empty/world/map, using inertial frame[0m
[0m[ INFO] [1791560837.609155170, 279.917000000]: Updating LinkState: reference_frame is empty/world/map, using inertial frame[0m
[0m[ INFO] [1791560837.611403936, 279.919000000]: Updating LinkState: reference_frame is empty/world/map, using inertial frame[0m
[0m[ INFO] [1791560837.612983576, 279.919000000]: Updating LinkState: reference_frame is empty/world/map, using inertial frame[0m
[0m[ INFO] [1791560837.614743823, 279.920000000]: Updating LinkState: reference_frame is empty/world/map, using inertial frame[0m
[0m[ INFO] [1791560837.618833887, 279.921000000]: Updating LinkState: reference_frame is empty/world/map, using inertial frame[0m
[0m[ INFO] [1791560841.275707936, 283.017000000]: Updating LinkState: reference_frame is empty/world/map, using inertial frame[0m
[0m[ INFO] [1791560841.277859560, 283.018000000]: Updating LinkState: reference_frame is empty/world/map, using inertial frame[0m
[0m[ INFO] [1791560841.279286858, 283.019000000]: Updating LinkState: reference_frame is empty/world/map, using inertial frame[0m
[0m[ INFO] [1791560841.280376169, 283.020000000]: Updating LinkState: reference_frame is empty/world/map, using inertial frame[0m
[0m[ INFO] [1791560841.282359455, 283.022000000]: Updating LinkState: reference_frame is empty/world/map, using inertial frame[0m
[0m[ INFO] [1791560841.284011738, 283.023000000]: Updating LinkState: reference_frame is empty/world/map, using inertial frame[0m
[0m[ INFO] [1791560854.092326939, 293.120000000]: Updating LinkState: reference_frame is empty/world/map, using inertial frame[0m
[0m[ INFO] [1791560854.094214322, 293.121000000]: Updating LinkState: reference_frame is empty/world/map, using inertial frame[0m
[0m[ INFO] [1791560854.095985867, 293.123000000]: Updating LinkState: reference_frame is empty/world/map, using inertial frame[0m
[0m[ INFO] [1791560854.102054899, 293.124000000]: Updating LinkState: reference_frame is empty/world/map, using inertial frame[0m
[0m[ INFO] [1791560854.107977701, 293.128000000]: Updating LinkState: reference_frame is empty/world/map, using inertial frame[0m
[0m[ INFO] [1791560854.111899269, 293.129000000]: Updating LinkState: reference_frame is empty/world/map, using inertial frame[0m
[0m[ INFO] [1791560873.887634121, 308.216000000]: Updating LinkState: reference_frame is empty/world/map, using inertial frame[0m
[0m[ INFO] [1791560873.889586332, 308.219000000]: Updating LinkState: reference_frame is empty/world/map, using inertial frame[0m
[0m[ INFO] [1791560873.891497478, 308.220000000]: Updating LinkState: reference_frame is empty/world/map, using inertial frame[0m
[0m[ INFO] [1791560873.893182863, 308.222000000]: Updating LinkState: reference_frame is empty/world/map, using inertial frame[0m
[0m[ INFO] [1791560873.894807579, 308.223000000]: Updating LinkState: reference_frame is empty/world/map, using inertial frame[0m
[0m[ INFO] [1791560873.896879259, 308.225000000]: Updating LinkState: reference_frame is empty/world/map, using inertial frame[0m
[0m[ INFO] [1791560877.603440115, 311.317000000]: Updating LinkState: reference_frame is empty/world/map, using inertial frame[0m
[0m[ INFO] [1791560877.606123468, 311.318000000]: Updating LinkState: reference_frame is empty/world/map, using inertial frame[0m
[0m[ INFO] [1791560877.608051436, 311.319000000]: Updating LinkState: reference_frame is empty/world/map, using inertial frame[0m
[0m[ INFO] [1791560877.611026393, 311.320000000]: Updating LinkState: reference_frame is empty/world/map, using inertial frame[0m
[0m[ INFO] [1791560877.614023183, 311.323000000]: Updating LinkState: reference_frame is empty/world/map, using inertial frame[0m
[0m[ INFO] [1791560877.615849974, 311.325000000]: Updating LinkState: reference_frame is empty/world/map, using inertial frame[0m
[0m[ INFO] [1791560889.552581992, 321.418000000]: Updating LinkState: reference_frame is empty/world/map, using inertial frame[0m
[0m[ INFO] [1791560889.554048890, 321.419000000]: Updating LinkState: reference_frame is empty/world/map, using inertial frame[0m
[0m[ INFO] [1791560889.555753752, 321.420000000]: Updating LinkState: reference_frame is empty/world/map, using inertial frame[0m
[0m[ INFO] [1791560889.558028953, 321.421000000]: Updating LinkState: reference_frame is empty/world/map, using inertial frame[0m
[0m[ INFO] [1791560889.560687480, 321.424000000]: Updating LinkState: reference_frame is empty/world/map, using inertial frame[0m
[0m[ INFO] [1791560889.563158358, 32