xacro: in-order processing became default in ROS Melodic. You can drop the option.
/opt/ros/melodic/lib/python2.7/dist-packages/roslib/packages.py:470: UnicodeWarning: Unicode equal comparison failed to convert both arguments to Unicode - interpreting them as being unequal
  if resource_name in files:
[31m[gazebo-1] process has died [pid 8840, exit code 255, cmd /opt/ros/melodic/lib/gazebo_ros/gzserver -e ode /home/qyunt/sq_community_ws_20261008/src/sq_community/worlds/sq_community_4p2.world __name:=gazebo __log:=/home/qyunt/.ros/log/b6078abe-c306-11f1-bfa7-000c29d42a39/gazebo-1.log].
log file: /home/qyunt/.ros/log/b6078abe-c306-11f1-bfa7-000c29d42a39/gazebo-1*.log[0m
[1;31m[Err] [0m[1;31m[[0m[1;31mREST.cc[0m[1;31m:[0m[1;31m205[0m[1;31m] [0m[1;31mError in REST request[0m[1;31m[0m

libcurl: (51) SSL: no alternative certificate subject name matches target host name 'api.ignitionfuel.org'
terminate called after throwing an instance of 'boost::system::system_error'
  what():  End of file
[WARN] [1791464083.671851, 0.000000]: wait_for_service(/gazebo/spawn_urdf_model): failed to contact, will keep trying
[WARN] [1791464083.722226, 0.000000]: wait_for_service(/gazebo/set_link_state): failed to contact, will keep trying
Aborted (core dumped)
[31m[gazebo_gui-2] process has died [pid 8844, exit code 134, cmd /opt/ros/melodic/lib/gazebo_ros/gzclient __name:=gazebo_gui __log:=/home/qyunt/.ros/log/b6078abe-c306-11f1-bfa7-000c29d42a39/gazebo_gui-2.log].
log file: /home/qyunt/.ros/log/b6078abe-c306-11f1-bfa7-000c29d42a39/gazebo_gui-2*.log[0m
Traceback (most recent call last):
  File "/opt/ros/melodic/lib/gazebo_ros/spawn_model", line 239, in <module>
    exit_code = sm.run()
  File "/opt/ros/melodic/lib/gazebo_ros/spawn_model", line 185, in run
    self.args.gazebo_namespace)
  File "/opt/ros/melodic/lib/python2.7/dist-packages/gazebo_ros/gazebo_interface.py", line 28, in spawn_urdf_model_client
    rospy.wait_for_service(gazebo_namespace+'/spawn_urdf_model')
  File "/opt/ros/melodic/lib/python2.7/dist-packages/rospy/impl/tcpros_service.py", line 166, in wait_for_service
    raise ROSInterruptException("rospy shutdown")
rospy.exceptions.ROSInterruptException: rospy shutdown
... logging to /home/qyunt/.ros/log/b6078abe-c306-11f1-bfa7-000c29d42a39/roslaunch-ubuntu-8818.log
Checking log directory for disk usage. This may take a while.
Press Ctrl-C to interrupt
Done checking log file disk usage. Usage is <1GB.
]2;/home/qyunt/sq_community_ws_20261008/src/sq_community/launch/sq_community_4p2.launch
[1mstarted roslaunch server http://ubuntu:37581/[0m

SUMMARY
========

PARAMETERS
 * /gazebo/enable_ros_network: True
 * /robot_description: <?xml version="1....
 * /robot_state_publisher/publish_frequency: 30.0
 * /rosdistro: melodic
 * /rosversion: 1.14.13
 * /sq_traffic_light_4p2/cycle_green: 15
 * /sq_traffic_light_4p2/cycle_red: 10
 * /sq_traffic_light_4p2/cycle_yellow: 3
 * /use_sim_time: True

NODES
  /
    gazebo (gazebo_ros/gzserver)
    gazebo_gui (gazebo_ros/gzclient)
    robot_state_publisher (robot_state_publisher/robot_state_publisher)
    spawn_sq4_robot (gazebo_ros/spawn_model)
    sq_traffic_light_4p2 (sq_community/traffic_light_controller_4p2.py)

[1mROS_MASTER_URI=http://localhost:11311[0m
]2;/home/qyunt/sq_community_ws_20261008/src/sq_community/launch/sq_community_4p2.launch http://localhost:11311
[1mprocess[gazebo-1]: started with pid [8840][0m
[1mprocess[gazebo_gui-2]: started with pid [8844][0m
[1mprocess[spawn_sq4_robot-3]: started with pid [8846][0m
[1mprocess[robot_state_publisher-4]: started with pid [8849][0m
[1mprocess[sq_traffic_light_4p2-5]: started with pid [8852][0m
[sq_traffic_light_4p2-5] killing on exit
[spawn_sq4_robot-3] killing on exit
[robot_state_publisher-4] killing on exit
shutting down processing monitor...
... shutting down processing monitor complete
[1mdone[0m
