====================================================================================
智慧社区赛题场地 · 纸上验收
  world   : C:\Users\jj_qi\Desktop\墨问科技\sq_ws\src\sq_community\worlds\sq_community.world
  路线    : C:\Users\jj_qi\Desktop\墨问科技\sq_ws\src\sq_community\route\sq_route_map.csv
  车半宽  : 0.14 m    栅格 0.050 m    贴地装饰阈值 ztop<0.10
  边界    : x[-5.10,5.10]  y[-3.70,3.70]
====================================================================================

解析：障碍 150 个（矩形 122 / 圆柱 28）｜判为贴地装饰 21 段｜跳过 87 段｜补入红绿灯 2 个
栅格 204×148，膨胀后不可通行 9359 格（31.0%）
出生点 (-4.60,1.80) 可达自由格 20832（全图非障碍格 20833，占 100.0%）

---- 路线检查（23 个航点）----
#    名称             坐标               净空m      可通行      备注
1    出发点回望          ( -4.20,  1.80) 0.370    OK       最窄在 (-4.60,1.80)
2    楼宇A-站房         ( -3.30,  1.90) 0.587    OK       最窄在 (-3.30,1.90)
3    垃圾桶            ( -1.85,  1.65) 0.525    OK       最窄在 (-1.85,1.65)
4    红灯等待线          ( -0.90,  1.80) 0.525    OK       最窄在 (-1.85,1.65)
5    红绿灯            (  1.10,  1.80) 0.710    OK       最窄在 (1.10,1.80)
6    楼宇B            (  2.90,  1.80) 0.300    OK       最窄在 (2.90,1.80)
7    停车区-违停         (  3.35,  1.95) 0.300    OK       最窄在 (2.90,1.80)
8    泊车位            (  4.45,  2.25) 0.451    OK       最窄在 (3.35,1.95)
9    东段回程           (  3.60,  1.85) 0.435    OK       最窄在 (3.60,1.85)
10   A街西行           (  1.60,  1.85) 0.350    OK       最窄在 (3.31,1.85)
11   连接路北口          (  0.30,  1.30) 0.559    OK       最窄在 (1.11,1.64)
12   连接路中段          (  0.00,  0.00) 0.763    OK       最窄在 (0.18,0.77)
13   连接路南口          (  0.00, -1.30) 0.788    OK       最窄在 (0.00,-0.29)
14   B街东行           (  1.80, -1.80) 0.675    OK       最窄在 (1.80,-1.80)
15   楼宇D            (  2.90, -1.80) 0.675    OK       最窄在 (1.85,-1.80)
16   D座温度面板         (  3.52, -1.90) 0.643    OK       最窄在 (3.52,-1.90)
17   B街中段           (  1.00, -1.80) 0.596    OK       最窄在 (3.03,-1.88)
18   B街西行           ( -1.80, -1.80) 0.675    OK       最窄在 (-0.85,-1.80)
19   楼宇C            ( -3.20, -1.80) 0.675    OK       最窄在 (-1.85,-1.80)
20   B街西端           ( -4.30, -1.80) 0.670    OK       最窄在 (-4.30,-1.80)
21   西通道中段          ( -4.50, -0.50) 0.419    OK       最窄在 (-4.40,-1.17)
22   西通道北口          ( -4.50,  0.90) 0.470    OK       最窄在 (-4.50,-0.50)
23   返回出发区          ( -4.20,  1.80) 0.470    OK       最窄在 (-4.50,0.90)

路线结论：全部航点可达、无采样点越界 —— 可以上车 ✔

设计图 → C:\Users\jj_qi\Desktop\墨问科技\ROS基础实验\shots\sq_venue_design.png
