====================================================================================
智慧社区赛题场地 · 纸上验收
  world   : C:\Users\jj_qi\Desktop\墨问科技\sq_ws\src\sq_community\worlds\sq_community.world
  路线    : C:\Users\jj_qi\Desktop\墨问科技\sq_ws\src\sq_community\route\sq_route_patrol.csv
  车半宽  : 0.14 m    栅格 0.050 m    贴地装饰阈值 ztop<0.10
  边界    : x[-5.10,5.10]  y[-3.70,3.70]
====================================================================================

解析：障碍 150 个（矩形 122 / 圆柱 28）｜判为贴地装饰 21 段｜跳过 87 段｜补入红绿灯 2 个
栅格 204×148，膨胀后不可通行 9359 格（31.0%）
出生点 (-4.60,1.80) 可达自由格 20832（全图非障碍格 20833，占 100.0%）

---- 路线检查（25 个航点）----
#    名称             坐标               净空m      可通行      备注
1    A街·出发区         ( -4.20,  1.80) 0.370    OK       最窄在 (-4.60,1.80)
2    A街·站房仪表        ( -3.30,  1.70) 0.695    OK       最窄在 (-4.06,1.78)
3    A街·楼宇A火点       ( -3.20,  1.95) 0.525    OK       最窄在 (-3.20,1.95)
4    A街·垃圾桶与人群      ( -2.00,  1.70) 0.525    OK       最窄在 (-3.20,1.95)
5    A街·红灯等待线       ( -0.90,  1.80) 0.584    OK       最窄在 (-1.95,1.70)
6    A街·红绿灯         (  1.10,  1.80) 0.710    OK       最窄在 (1.10,1.80)
7    A街·电动车停车区      (  1.80,  1.75) 0.646    OK       最窄在 (1.52,1.77)
8    A街·楼宇B火点       (  2.90,  1.85) 0.349    OK       最窄在 (2.85,1.85)
9    A街·违停电动车       (  3.35,  1.95) 0.350    OK       最窄在 (2.90,1.85)
10   A街·车牌          (  3.80,  1.40) 0.280    OK       最窄在 (3.59,1.66)
11   A街·泊车位         (  4.45,  2.25) 0.390    OK       最窄在 (3.80,1.40)
12   过路·东段回程        (  3.60,  1.85) 0.435    OK       最窄在 (3.60,1.85)
13   过路·A街西行        (  1.60,  1.85) 0.350    OK       最窄在 (3.31,1.85)
14   过路·连接路北口       (  0.30,  1.30) 0.559    OK       最窄在 (1.11,1.64)
15   连接路·中段         (  0.00,  0.00) 0.763    OK       最窄在 (0.18,0.77)
16   过路·连接路南口       (  0.00, -1.30) 0.788    OK       最窄在 (0.00,-0.29)
17   过路·B街东行        (  1.80, -1.80) 0.675    OK       最窄在 (1.80,-1.80)
18   B街·楼宇D火点       (  2.90, -1.80) 0.675    OK       最窄在 (1.85,-1.80)
19   B街·温度面板        (  3.52, -1.90) 0.643    OK       最窄在 (3.52,-1.90)
20   过路·B街返程        (  1.00, -1.80) 0.596    OK       最窄在 (3.03,-1.88)
21   B街·人群          ( -0.90, -1.80) 0.675    OK       最窄在 (-0.85,-1.80)
22   B街·楼宇C火点       ( -3.20, -1.80) 0.675    OK       最窄在 (-0.90,-1.80)
23   B街·西端          ( -4.30, -1.80) 0.670    OK       最窄在 (-4.30,-1.80)
24   过路·西通道中段       ( -4.50, -0.50) 0.419    OK       最窄在 (-4.40,-1.17)
25   返回·出发区         ( -4.20,  1.80) 0.421    OK       最窄在 (-4.31,0.92)

路线结论：全部航点可达、无采样点越界 —— 可以上车 ✔

设计图 → C:\Users\jj_qi\Desktop\墨问科技\ROS基础实验\shots\sq_venue_design.png
